{"branch": "factual", "frame": 0, "actor_count": 1}
{"branch": "factual", "frame": 1, "actor_count": 1}
{"branch": "factual", "frame": 2, "actor_count": 1}
{"branch": "factual", "frame": 3, "actor_count": 1}
{"branch": "factual", "frame": 4, "actor_count": 1}
{"branch": "factual", "frame": 5, "actor_count": 1}
{"branch": "factual", "frame": 6, "actor_count": 1}
{"branch": "factual", "frame": 7, "actor_count": 1}
{"branch": "factual", "frame": 8, "actor_count": 1}
{"task_id": "WS-V75-DOWNSTREAM-GPU-SMOKE-01", "run_id": "20260923-r1", "model_id": "hugsim", "status": "failed_stopped", "benchmark_aligned": false, "input_role": "official_scene_engineering_smoke", "scene": "scene-0383", "intervention": "remove the only scenario actor", "seed": 42, "ad_client_used": false, "feedback_policy": false, "actions": {"acc": 0.0, "steer_rate": 0.0}, "human_verdict": null, "failure_ledger_refs": [], "branches": {"factual": {"frames": 9, "views": ["CAM_BACK", "CAM_BACK_LEFT", "CAM_BACK_RIGHT", "CAM_FRONT", "CAM_FRONT_LEFT", "CAM_FRONT_RIGHT"], "render_calls": 54, "peak_allocated_gib": 3.015374183654785, "actor_counts": [1, 1, 1, 1, 1, 1, 1, 1, 1]}}, "error_type": "KeyError", "error": "'agent_0'", "wall_s": 14.425311544910073, "failure_ledger_delta": "none"}
Traceback (most recent call last):
  File "/root/autodl-tmp/motion_proj/scripts/run_cfbench_hugsim_smoke.py", line 98, in <module>
    main()
  File "/root/autodl-tmp/motion_proj/scripts/run_cfbench_hugsim_smoke.py", line 59, in main
    obs, info = env.reset(seed=42)
  File "/root/autodl-tmp/external/worldsim_simimpact/HUGSIM/sim/hugsim_env/envs/hug_sim.py", line 271, in reset
    observation = self._get_obs()
  File "/root/autodl-tmp/external/worldsim_simimpact/HUGSIM/sim/hugsim_env/envs/hug_sim.py", line 222, in _get_obs
    render_pkg = self.render_fn(viewpoint=viewpoint, prev_viewpoint=None, **self.render_kwargs)
  File "/root/autodl-tmp/external/worldsim_simimpact/HUGSIM/gaussian_renderer/__init__.py", line 105, in render
    w_dxyz = (B2W[:3, :3] @ dynamic_gaussians[track_id].get_xyz.T).T + B2W[:3, 3]
KeyError: 'agent_0'
