2026-09-23 12:43:00.694 | INFO     | interactive_drive.scene_loader:_log_initial_frame_selection:280 - [scene_loader] initial_frame scene='clipgt-0d404ff7-2b66-498c-b047-1ed8cded60d4.usdz' requested_variant='default' camera='camera_front_wide_120fov' source='frames/camera_front_wide_120fov/1201111.jpeg'
2026-09-23 12:43:00.745 | INFO     | interactive_drive.scene_loader:_log_prompt_selection:259 - [scene_loader] prompt scene='clipgt-0d404ff7-2b66-498c-b047-1ed8cded60d4.usdz' requested_variant='default' selected_variant='default' source='prompt1.txt' available_variants=('1', '2', '3', 'default') ignored_files='<none>' length=592 text='A wide-angle, dash-cam perspective of a suburban thoroughfare under a stark, bright midday sun. The image is characterized by a realistic, somewhat desaturated color palette and high-contrast lighting that creates deep shadows beneath the lush, varied tree canopy. A clear, pale blue sky stretches over a neighborhood where manicured green bushes and residential architecture—ranging from single-family homes to multi-story apartment blocks—line the expansive asphalt road. The composition is anchored by a prominent double yellow line that draws the eye toward a distant, shimmering horizon.'
2026-09-23 12:43:08.189 | INFO     | interactive_drive.rasterizer:__init__:127 - [rasterizer] cuda_backend=enabled; returning lazy CUDA raster frames
2026-09-23 12:43:08.189 | INFO     | interactive_drive.rasterizer:__init__:136 - [rasterizer] ludus_backend=cuda device=cuda:0
2026-09-23 12:43:08 | INFO     | ludus_renderer - Loading Ludus renderer extension ludus_renderer_plugin; build_directory=/root/autodl-tmp/cache/torch-extensions-v75/ludus_renderer_plugin.
ninja: no work to do.
2026-09-23 12:43:08 | INFO     | ludus_renderer - Loaded Ludus renderer extension ludus_renderer_plugin in 0.0s; build_directory=/root/autodl-tmp/cache/torch-extensions-v75/ludus_renderer_plugin.
LudusCuda: Initialized renderer
2026-09-23 12:43:09 | INFO     | ludus_renderer - Loading camera converter extension camera_convert_cpp; build_directory=/root/autodl-tmp/cache/torch-extensions-v75/camera_convert_cpp.
2026-09-23 12:43:09 | INFO     | ludus_renderer - Loaded camera converter extension camera_convert_cpp in 0.0s; build_directory=/root/autodl-tmp/cache/torch-extensions-v75/camera_convert_cpp.
2026-09-23 12:43:09 | INFO     | ludus_renderer - Built ClipGT GPU scene in 1.4s; polyline_pools=6, polygon_pools=2, cube_pools=3, cameras=12, ego_frames=1002.
{"branch": "factual", "block": 0, "frames": 5, "wall_s": 3.306589648127556}
{"branch": "factual", "block": 1, "frames": 13, "wall_s": 2.5282627306878567}
{"branch": "factual", "block": 2, "frames": 21, "wall_s": 3.045114155858755}
{"branch": "factual", "block": 3, "frames": 29, "wall_s": 3.079209016636014}
{"branch": "factual", "block": 4, "frames": 37, "wall_s": 3.001004535704851}
{"branch": "factual", "block": 5, "frames": 45, "wall_s": 3.201922381296754}
{"branch": "factual", "block": 6, "frames": 53, "wall_s": 3.4395307544618845}
{"branch": "factual", "block": 7, "frames": 61, "wall_s": 3.440763244405389}
{"branch": "counterfactual", "block": 0, "frames": 5, "wall_s": 2.0451335925608873}
{"branch": "counterfactual", "block": 1, "frames": 13, "wall_s": 2.5251444429159164}
{"branch": "counterfactual", "block": 2, "frames": 21, "wall_s": 3.0530199091881514}
{"branch": "counterfactual", "block": 3, "frames": 29, "wall_s": 3.1140214446932077}
{"branch": "counterfactual", "block": 4, "frames": 37, "wall_s": 3.0275135207921267}
{"branch": "counterfactual", "block": 5, "frames": 45, "wall_s": 3.291212160140276}
{"branch": "counterfactual", "block": 6, "frames": 53, "wall_s": 3.3698259461671114}
{"branch": "counterfactual", "block": 7, "frames": 61, "wall_s": 3.340651523321867}
{"task_id": "WS-V75-DOWNSTREAM-GPU-SMOKE-01", "run_id": "20260923-r1", "model_id": "omnidreams", "input_role": "official_scene_engineering_smoke", "bench_case_id": null, "seed": 42, "blocks_per_branch": 8, "intervention": {"ego_speed_scale": [1.0, 0.5]}, "held_fixed": ["initial_image", "prompt", "actor_states", "map", "timestamps", "seed"], "human_verdict": null, "failure_ledger_refs": [], "branches": {"factual": {"frames": 61, "generation_calls": 8, "peak_allocated_gib": 12.80658483505249, "timings": [{"branch": "factual", "block": 0, "frames": 5, "wall_s": 3.306589648127556}, {"branch": "factual", "block": 1, "frames": 13, "wall_s": 2.5282627306878567}, {"branch": "factual", "block": 2, "frames": 21, "wall_s": 3.045114155858755}, {"branch": "factual", "block": 3, "frames": 29, "wall_s": 3.079209016636014}, {"branch": "factual", "block": 4, "frames": 37, "wall_s": 3.001004535704851}, {"branch": "factual", "block": 5, "frames": 45, "wall_s": 3.201922381296754}, {"branch": "factual", "block": 6, "frames": 53, "wall_s": 3.4395307544618845}, {"branch": "factual", "block": 7, "frames": 61, "wall_s": 3.440763244405389}]}, "counterfactual": {"frames": 61, "generation_calls": 8, "peak_allocated_gib": 12.804219722747803, "timings": [{"branch": "counterfactual", "block": 0, "frames": 5, "wall_s": 2.0451335925608873}, {"branch": "counterfactual", "block": 1, "frames": 13, "wall_s": 2.5251444429159164}, {"branch": "counterfactual", "block": 2, "frames": 21, "wall_s": 3.0530199091881514}, {"branch": "counterfactual", "block": 3, "frames": 29, "wall_s": 3.1140214446932077}, {"branch": "counterfactual", "block": 4, "frames": 37, "wall_s": 3.0275135207921267}, {"branch": "counterfactual", "block": 5, "frames": 45, "wall_s": 3.291212160140276}, {"branch": "counterfactual", "block": 6, "frames": 53, "wall_s": 3.3698259461671114}, {"branch": "counterfactual", "block": 7, "frames": 61, "wall_s": 3.340651523321867}]}}, "status": "complete", "source_scene": "/root/autodl-tmp/models/worldsim_v75/omni-dreams-scenes/scenes/clipgt-0d404ff7-2b66-498c-b047-1ed8cded60d4.usdz", "condition_changed_pixels_last": 194061, "wall_s": 98.08741045184433, "failure_ledger_delta": "none"}
