{"scene": "official_000", "variant": "native", "actor": "14", "points": 373084, "lidar_n": 6887, "recall": 0.354726295919849}
{"scene": "official_000", "variant": "native", "actor": "12", "points": 404, "lidar_n": 18, "recall": 0.0}
{"scene": "official_000", "variant": "calibrated_control", "actor": "14", "points": 388584, "lidar_n": 6887, "recall": 0.667779875127051}
{"scene": "official_000", "variant": "calibrated_control", "actor": "12", "points": 2861, "lidar_n": 18, "recall": 0.7777777777777778}
{"scene": "scene_0230", "variant": "native", "actor": "14", "points": 47572, "lidar_n": 1086, "recall": 0.3434622467771639}
{"scene": "scene_0230", "variant": "native", "actor": "22", "points": 13442, "lidar_n": 744, "recall": 0.5443548387096774}
{"scene": "scene_0230", "variant": "native", "actor": "5", "points": 0, "lidar_n": 377, "recall": 0.0}
{"scene": "scene_0230", "variant": "native", "actor": "2", "points": 34, "lidar_n": 181, "recall": 0.03867403314917127}
{"scene": "scene_0230", "variant": "native", "actor": "25", "points": 1075, "lidar_n": 104, "recall": 0.028846153846153848}
{"scene": "scene_0230", "variant": "native", "actor": "15", "points": 394, "lidar_n": 92, "recall": 0.043478260869565216}
{"scene": "scene_0230", "variant": "native", "actor": "24", "points": 25, "lidar_n": 34, "recall": 0.0}
{"scene": "scene_0230", "variant": "native", "actor": "19", "points": 592, "lidar_n": 28, "recall": 0.0}
{"scene": "scene_0230", "variant": "native", "actor": "10", "points": 100, "lidar_n": 50, "recall": 0.0}
{"scene": "scene_0230", "variant": "native", "actor": "30", "points": 129, "lidar_n": 29, "recall": 0.034482758620689655}
{"scene": "scene_0230", "variant": "native", "actor": "36", "points": 4, "lidar_n": 68, "recall": 0.0}
{"scene": "scene_0230", "variant": "native", "actor": "23", "points": 6, "lidar_n": 6, "recall": 0.0}
{"scene": "scene_0230", "variant": "native", "actor": "16", "points": 30, "lidar_n": 96, "recall": 0.0}
{"scene": "scene_0230", "variant": "native", "actor": "29", "points": 75, "lidar_n": 30, "recall": 0.0}
{"scene": "scene_0230", "variant": "native", "actor": "11", "points": 0, "lidar_n": 36, "recall": 0.0}
{"scene": "scene_0230", "variant": "native", "actor": "7", "points": 6, "lidar_n": 9, "recall": 0.0}
{"scene": "scene_0230", "variant": "calibrated_control", "actor": "14", "points": 54044, "lidar_n": 1086, "recall": 0.5791896869244936}
{"scene": "scene_0230", "variant": "calibrated_control", "actor": "22", "points": 45530, "lidar_n": 744, "recall": 0.5618279569892473}
{"scene": "scene_0230", "variant": "calibrated_control", "actor": "5", "points": 43038, "lidar_n": 377, "recall": 0.9761273209549072}
{"scene": "scene_0230", "variant": "calibrated_control", "actor": "2", "points": 3379, "lidar_n": 181, "recall": 0.049723756906077346}
{"scene": "scene_0230", "variant": "calibrated_control", "actor": "25", "points": 807, "lidar_n": 104, "recall": 0.14423076923076922}
{"scene": "scene_0230", "variant": "calibrated_control", "actor": "15", "points": 3553, "lidar_n": 92, "recall": 0.4891304347826087}
{"scene": "scene_0230", "variant": "calibrated_control", "actor": "24", "points": 878, "lidar_n": 34, "recall": 0.23529411764705882}
{"scene": "scene_0230", "variant": "calibrated_control", "actor": "19", "points": 637, "lidar_n": 28, "recall": 0.0}
{"scene": "scene_0230", "variant": "calibrated_control", "actor": "10", "points": 1917, "lidar_n": 50, "recall": 0.46}
{"scene": "scene_0230", "variant": "calibrated_control", "actor": "30", "points": 1186, "lidar_n": 29, "recall": 0.6206896551724138}
{"scene": "scene_0230", "variant": "calibrated_control", "actor": "36", "points": 336, "lidar_n": 68, "recall": 0.11764705882352941}
{"scene": "scene_0230", "variant": "calibrated_control", "actor": "23", "points": 338, "lidar_n": 6, "recall": 0.0}
{"scene": "scene_0230", "variant": "calibrated_control", "actor": "16", "points": 5207, "lidar_n": 96, "recall": 0.3020833333333333}
{"scene": "scene_0230", "variant": "calibrated_control", "actor": "29", "points": 236, "lidar_n": 30, "recall": 0.0}
{"scene": "scene_0230", "variant": "calibrated_control", "actor": "11", "points": 718, "lidar_n": 36, "recall": 0.16666666666666666}
{"scene": "scene_0230", "variant": "calibrated_control", "actor": "7", "points": 243, "lidar_n": 9, "recall": 0.0}
{"scene": "scene_0255", "variant": "native", "actor": "25", "points": 1594, "lidar_n": 118, "recall": 0.1694915254237288}
{"scene": "scene_0255", "variant": "native", "actor": "22", "points": 60, "lidar_n": 61, "recall": 0.08196721311475409}
{"scene": "scene_0255", "variant": "native", "actor": "16", "points": 0, "lidar_n": 41, "recall": 0.0}
{"scene": "scene_0255", "variant": "native", "actor": "34", "points": 42, "lidar_n": 3, "recall": 0.0}
{"scene": "scene_0255", "variant": "native", "actor": "24", "points": 194, "lidar_n": 43, "recall": 0.023255813953488372}
{"scene": "scene_0255", "variant": "native", "actor": "35", "points": 4, "lidar_n": 5, "recall": 0.0}
{"scene": "scene_0255", "variant": "calibrated_control", "actor": "25", "points": 228, "lidar_n": 118, "recall": 0.1016949152542373}
{"scene": "scene_0255", "variant": "calibrated_control", "actor": "22", "points": 1350, "lidar_n": 61, "recall": 0.21311475409836064}
{"scene": "scene_0255", "variant": "calibrated_control", "actor": "16", "points": 1581, "lidar_n": 41, "recall": 0.024390243902439025}
{"scene": "scene_0255", "variant": "calibrated_control", "actor": "34", "points": 77, "lidar_n": 3, "recall": 0.0}
{"scene": "scene_0255", "variant": "calibrated_control", "actor": "24", "points": 1020, "lidar_n": 43, "recall": 0.16279069767441862}
{"scene": "scene_0255", "variant": "calibrated_control", "actor": "35", "points": 103, "lidar_n": 5, "recall": 0.0}
{"actor_count": 24, "readout_count": 2, "actor_readouts": 48, "evaluation_s": 88.49254077859223, "by_variant": {"native": {"actors": 24, "empty_actors": 3, "commands": 336, "valid_object_commands": 294, "max_adherence_error_m": 1.1234667099445444e-14, "max_background_change_m": 0.0, "actors_with_lidar": 24, "macro_visible_lidar_recall_0p2m": 0.06928079751601006, "median_actor_point_count": 67.5}, "calibrated_control": {"actors": 24, "empty_actors": 0, "commands": 336, "valid_object_commands": 336, "max_adherence_error_m": 1.1234667099445444e-14, "max_background_change_m": 0.0, "actors_with_lidar": 24, "macro_visible_lidar_recall_0p2m": 0.2770899592193912, "median_actor_point_count": 1103.0}}}
